2026-05-28 01:11:54,855 | INFO     | 🚀 T5-News 自动化多维消融实验流水线启动！

2026-05-28 01:11:54,855 | INFO     | 
============================================================
2026-05-28 01:11:54,855 | INFO     | ⚙️  [Pipeline 阶段]: 初始化数据管道
2026-05-28 01:11:54,855 | INFO     | 💻 [执行命令]: python prepare_data.py
2026-05-28 01:11:54,855 | INFO     | ============================================================

2026-05-28 01:12:01,589 | INFO     | 📊 本次流水线共包含 10 组独立消融实验。

2026-05-28 01:12:01,590 | INFO     | 
🌟🌟🌟🌟🌟🌟🌟🌟🌟🌟🌟🌟🌟🌟🌟🌟🌟🌟🌟🌟🌟🌟🌟🌟🌟🌟🌟🌟🌟🌟🌟🌟🌟🌟🌟🌟🌟🌟🌟🌟
2026-05-28 01:12:01,599 | INFO     | 正在启动子任务 >>> Exp-01_Baseline
2026-05-28 01:12:01,599 | INFO     | 🌟🌟🌟🌟🌟🌟🌟🌟🌟🌟🌟🌟🌟🌟🌟🌟🌟🌟🌟🌟🌟🌟🌟🌟🌟🌟🌟🌟🌟🌟🌟🌟🌟🌟🌟🌟🌟🌟🌟🌟
2026-05-28 01:12:01,599 | INFO     | 
============================================================
2026-05-28 01:12:01,599 | INFO     | ⚙️  [Pipeline 阶段]: 正式炼丹点火 - Exp-01_Baseline
2026-05-28 01:12:01,600 | INFO     | 💻 [执行命令]: python train.py --exp_id Exp-01_Baseline --output_dir checkpoints_ablation --lr 0.0003 --batch_size 4 --grad_accum 2 --epochs 3 --max_train_samples 2000 --max_source_len 512 --max_target_len 40 --no_rouge_eval
2026-05-28 01:12:01,600 | INFO     | ============================================================

2026-05-28 01:14:44,668 | INFO     | 
============================================================
2026-05-28 01:14:44,669 | INFO     | ⚙️  [Pipeline 阶段]: 客观指标评测 - Exp-01_Baseline
2026-05-28 01:14:44,669 | INFO     | 💻 [执行命令]: python evaluate_rouge.py --ckpt checkpoints_ablation\Exp-01_Baseline --output_json results_Exp-01_Baseline.json --max_samples 1000
2026-05-28 01:14:44,669 | INFO     | ============================================================

2026-05-28 01:16:47,726 | INFO     | ✅ Exp-01_Baseline 顺利完结，指标已固化至 results_Exp-01_Baseline.json
2026-05-28 01:16:47,726 | INFO     | 
🌟🌟🌟🌟🌟🌟🌟🌟🌟🌟🌟🌟🌟🌟🌟🌟🌟🌟🌟🌟🌟🌟🌟🌟🌟🌟🌟🌟🌟🌟🌟🌟🌟🌟🌟🌟🌟🌟🌟🌟
2026-05-28 01:16:47,726 | INFO     | 正在启动子任务 >>> Exp-02_LowLR
2026-05-28 01:16:47,726 | INFO     | 🌟🌟🌟🌟🌟🌟🌟🌟🌟🌟🌟🌟🌟🌟🌟🌟🌟🌟🌟🌟🌟🌟🌟🌟🌟🌟🌟🌟🌟🌟🌟🌟🌟🌟🌟🌟🌟🌟🌟🌟
2026-05-28 01:16:47,726 | INFO     | 
============================================================
2026-05-28 01:16:47,726 | INFO     | ⚙️  [Pipeline 阶段]: 正式炼丹点火 - Exp-02_LowLR
2026-05-28 01:16:47,726 | INFO     | 💻 [执行命令]: python train.py --exp_id Exp-02_LowLR --output_dir checkpoints_ablation --lr 0.0001 --batch_size 4 --grad_accum 2 --epochs 3 --max_train_samples 2000 --max_source_len 512 --max_target_len 40 --no_rouge_eval
2026-05-28 01:16:47,726 | INFO     | ============================================================

2026-05-28 01:19:10,322 | INFO     | 
============================================================
2026-05-28 01:19:10,322 | INFO     | ⚙️  [Pipeline 阶段]: 客观指标评测 - Exp-02_LowLR
2026-05-28 01:19:10,322 | INFO     | 💻 [执行命令]: python evaluate_rouge.py --ckpt checkpoints_ablation\Exp-02_LowLR --output_json results_Exp-02_LowLR.json --max_samples 1000
2026-05-28 01:19:10,322 | INFO     | ============================================================

2026-05-28 01:21:37,869 | INFO     | ✅ Exp-02_LowLR 顺利完结，指标已固化至 results_Exp-02_LowLR.json
2026-05-28 01:21:37,869 | INFO     | 
🌟🌟🌟🌟🌟🌟🌟🌟🌟🌟🌟🌟🌟🌟🌟🌟🌟🌟🌟🌟🌟🌟🌟🌟🌟🌟🌟🌟🌟🌟🌟🌟🌟🌟🌟🌟🌟🌟🌟🌟
2026-05-28 01:21:37,869 | INFO     | 正在启动子任务 >>> Exp-03_HighLR
2026-05-28 01:21:37,870 | INFO     | 🌟🌟🌟🌟🌟🌟🌟🌟🌟🌟🌟🌟🌟🌟🌟🌟🌟🌟🌟🌟🌟🌟🌟🌟🌟🌟🌟🌟🌟🌟🌟🌟🌟🌟🌟🌟🌟🌟🌟🌟
2026-05-28 01:21:37,870 | INFO     | 
============================================================
2026-05-28 01:21:37,870 | INFO     | ⚙️  [Pipeline 阶段]: 正式炼丹点火 - Exp-03_HighLR
2026-05-28 01:21:37,870 | INFO     | 💻 [执行命令]: python train.py --exp_id Exp-03_HighLR --output_dir checkpoints_ablation --lr 0.001 --batch_size 4 --grad_accum 2 --epochs 3 --max_train_samples 2000 --max_source_len 512 --max_target_len 40 --no_rouge_eval
2026-05-28 01:21:37,871 | INFO     | ============================================================

2026-05-28 01:24:02,628 | INFO     | 
============================================================
2026-05-28 01:24:02,628 | INFO     | ⚙️  [Pipeline 阶段]: 客观指标评测 - Exp-03_HighLR
2026-05-28 01:24:02,629 | INFO     | 💻 [执行命令]: python evaluate_rouge.py --ckpt checkpoints_ablation\Exp-03_HighLR --output_json results_Exp-03_HighLR.json --max_samples 1000
2026-05-28 01:24:02,629 | INFO     | ============================================================

2026-05-28 01:26:00,385 | INFO     | ✅ Exp-03_HighLR 顺利完结，指标已固化至 results_Exp-03_HighLR.json
2026-05-28 01:26:00,385 | INFO     | 
🌟🌟🌟🌟🌟🌟🌟🌟🌟🌟🌟🌟🌟🌟🌟🌟🌟🌟🌟🌟🌟🌟🌟🌟🌟🌟🌟🌟🌟🌟🌟🌟🌟🌟🌟🌟🌟🌟🌟🌟
2026-05-28 01:26:00,385 | INFO     | 正在启动子任务 >>> Exp-04_SmallBS
2026-05-28 01:26:00,385 | INFO     | 🌟🌟🌟🌟🌟🌟🌟🌟🌟🌟🌟🌟🌟🌟🌟🌟🌟🌟🌟🌟🌟🌟🌟🌟🌟🌟🌟🌟🌟🌟🌟🌟🌟🌟🌟🌟🌟🌟🌟🌟
2026-05-28 01:26:00,386 | INFO     | 
============================================================
2026-05-28 01:26:00,386 | INFO     | ⚙️  [Pipeline 阶段]: 正式炼丹点火 - Exp-04_SmallBS
2026-05-28 01:26:00,386 | INFO     | 💻 [执行命令]: python train.py --exp_id Exp-04_SmallBS --output_dir checkpoints_ablation --lr 0.0003 --batch_size 2 --grad_accum 4 --epochs 3 --max_train_samples 2000 --max_source_len 512 --max_target_len 40 --no_rouge_eval
2026-05-28 01:26:00,386 | INFO     | ============================================================

2026-05-28 01:31:04,203 | INFO     | 
============================================================
2026-05-28 01:31:04,207 | INFO     | ⚙️  [Pipeline 阶段]: 客观指标评测 - Exp-04_SmallBS
2026-05-28 01:31:04,211 | INFO     | 💻 [执行命令]: python evaluate_rouge.py --ckpt checkpoints_ablation\Exp-04_SmallBS --output_json results_Exp-04_SmallBS.json --max_samples 1000
2026-05-28 01:31:04,211 | INFO     | ============================================================

2026-05-28 01:33:26,363 | INFO     | ✅ Exp-04_SmallBS 顺利完结，指标已固化至 results_Exp-04_SmallBS.json
2026-05-28 01:33:26,364 | INFO     | 
🌟🌟🌟🌟🌟🌟🌟🌟🌟🌟🌟🌟🌟🌟🌟🌟🌟🌟🌟🌟🌟🌟🌟🌟🌟🌟🌟🌟🌟🌟🌟🌟🌟🌟🌟🌟🌟🌟🌟🌟
2026-05-28 01:33:26,364 | INFO     | 正在启动子任务 >>> Exp-05_LargeBS
2026-05-28 01:33:26,364 | INFO     | 🌟🌟🌟🌟🌟🌟🌟🌟🌟🌟🌟🌟🌟🌟🌟🌟🌟🌟🌟🌟🌟🌟🌟🌟🌟🌟🌟🌟🌟🌟🌟🌟🌟🌟🌟🌟🌟🌟🌟🌟
2026-05-28 01:33:26,364 | INFO     | 
============================================================
2026-05-28 01:33:26,364 | INFO     | ⚙️  [Pipeline 阶段]: 正式炼丹点火 - Exp-05_LargeBS
2026-05-28 01:33:26,364 | INFO     | 💻 [执行命令]: python train.py --exp_id Exp-05_LargeBS --output_dir checkpoints_ablation --lr 0.0003 --batch_size 8 --grad_accum 1 --epochs 3 --max_train_samples 2000 --max_source_len 512 --max_target_len 40 --no_rouge_eval
2026-05-28 01:33:26,364 | INFO     | ============================================================

2026-05-28 01:35:06,844 | INFO     | 
============================================================
2026-05-28 01:35:06,844 | INFO     | ⚙️  [Pipeline 阶段]: 客观指标评测 - Exp-05_LargeBS
2026-05-28 01:35:06,845 | INFO     | 💻 [执行命令]: python evaluate_rouge.py --ckpt checkpoints_ablation\Exp-05_LargeBS --output_json results_Exp-05_LargeBS.json --max_samples 1000
2026-05-28 01:35:06,845 | INFO     | ============================================================

2026-05-28 01:37:13,611 | INFO     | ✅ Exp-05_LargeBS 顺利完结，指标已固化至 results_Exp-05_LargeBS.json
2026-05-28 01:37:13,611 | INFO     | 
🌟🌟🌟🌟🌟🌟🌟🌟🌟🌟🌟🌟🌟🌟🌟🌟🌟🌟🌟🌟🌟🌟🌟🌟🌟🌟🌟🌟🌟🌟🌟🌟🌟🌟🌟🌟🌟🌟🌟🌟
2026-05-28 01:37:13,611 | INFO     | 正在启动子任务 >>> Exp-06_NoAccum
2026-05-28 01:37:13,611 | INFO     | 🌟🌟🌟🌟🌟🌟🌟🌟🌟🌟🌟🌟🌟🌟🌟🌟🌟🌟🌟🌟🌟🌟🌟🌟🌟🌟🌟🌟🌟🌟🌟🌟🌟🌟🌟🌟🌟🌟🌟🌟
2026-05-28 01:37:13,611 | INFO     | 
============================================================
2026-05-28 01:37:13,611 | INFO     | ⚙️  [Pipeline 阶段]: 正式炼丹点火 - Exp-06_NoAccum
2026-05-28 01:37:13,611 | INFO     | 💻 [执行命令]: python train.py --exp_id Exp-06_NoAccum --output_dir checkpoints_ablation --lr 0.0003 --batch_size 4 --grad_accum 1 --epochs 3 --max_train_samples 2000 --max_source_len 512 --max_target_len 40 --no_rouge_eval
2026-05-28 01:37:13,612 | INFO     | ============================================================

2026-05-28 01:39:18,655 | INFO     | 
============================================================
2026-05-28 01:39:18,655 | INFO     | ⚙️  [Pipeline 阶段]: 客观指标评测 - Exp-06_NoAccum
2026-05-28 01:39:18,656 | INFO     | 💻 [执行命令]: python evaluate_rouge.py --ckpt checkpoints_ablation\Exp-06_NoAccum --output_json results_Exp-06_NoAccum.json --max_samples 1000
2026-05-28 01:39:18,656 | INFO     | ============================================================

2026-05-28 01:41:12,768 | INFO     | ✅ Exp-06_NoAccum 顺利完结，指标已固化至 results_Exp-06_NoAccum.json
2026-05-28 01:41:12,769 | INFO     | 
🌟🌟🌟🌟🌟🌟🌟🌟🌟🌟🌟🌟🌟🌟🌟🌟🌟🌟🌟🌟🌟🌟🌟🌟🌟🌟🌟🌟🌟🌟🌟🌟🌟🌟🌟🌟🌟🌟🌟🌟
2026-05-28 01:41:12,769 | INFO     | 正在启动子任务 >>> Exp-07_ShortSeq
2026-05-28 01:41:12,769 | INFO     | 🌟🌟🌟🌟🌟🌟🌟🌟🌟🌟🌟🌟🌟🌟🌟🌟🌟🌟🌟🌟🌟🌟🌟🌟🌟🌟🌟🌟🌟🌟🌟🌟🌟🌟🌟🌟🌟🌟🌟🌟
2026-05-28 01:41:12,769 | INFO     | 
============================================================
2026-05-28 01:41:12,769 | INFO     | ⚙️  [Pipeline 阶段]: 正式炼丹点火 - Exp-07_ShortSeq
2026-05-28 01:41:12,769 | INFO     | 💻 [执行命令]: python train.py --exp_id Exp-07_ShortSeq --output_dir checkpoints_ablation --lr 0.0003 --batch_size 4 --grad_accum 2 --epochs 3 --max_train_samples 2000 --max_source_len 256 --max_target_len 30 --no_rouge_eval
2026-05-28 01:41:12,770 | INFO     | ============================================================

2026-05-28 01:43:01,384 | INFO     | 
============================================================
2026-05-28 01:43:01,385 | INFO     | ⚙️  [Pipeline 阶段]: 客观指标评测 - Exp-07_ShortSeq
2026-05-28 01:43:01,385 | INFO     | 💻 [执行命令]: python evaluate_rouge.py --ckpt checkpoints_ablation\Exp-07_ShortSeq --output_json results_Exp-07_ShortSeq.json --max_samples 1000
2026-05-28 01:43:01,385 | INFO     | ============================================================

2026-05-28 01:44:45,029 | INFO     | ✅ Exp-07_ShortSeq 顺利完结，指标已固化至 results_Exp-07_ShortSeq.json
2026-05-28 01:44:45,029 | INFO     | 
🌟🌟🌟🌟🌟🌟🌟🌟🌟🌟🌟🌟🌟🌟🌟🌟🌟🌟🌟🌟🌟🌟🌟🌟🌟🌟🌟🌟🌟🌟🌟🌟🌟🌟🌟🌟🌟🌟🌟🌟
2026-05-28 01:44:45,029 | INFO     | 正在启动子任务 >>> Exp-08_LongSeq
2026-05-28 01:44:45,029 | INFO     | 🌟🌟🌟🌟🌟🌟🌟🌟🌟🌟🌟🌟🌟🌟🌟🌟🌟🌟🌟🌟🌟🌟🌟🌟🌟🌟🌟🌟🌟🌟🌟🌟🌟🌟🌟🌟🌟🌟🌟🌟
2026-05-28 01:44:45,030 | INFO     | 
============================================================
2026-05-28 01:44:45,030 | INFO     | ⚙️  [Pipeline 阶段]: 正式炼丹点火 - Exp-08_LongSeq
2026-05-28 01:44:45,030 | INFO     | 💻 [执行命令]: python train.py --exp_id Exp-08_LongSeq --output_dir checkpoints_ablation --lr 0.0003 --batch_size 4 --grad_accum 2 --epochs 3 --max_train_samples 2000 --max_source_len 768 --max_target_len 50 --no_rouge_eval
2026-05-28 01:44:45,030 | INFO     | ============================================================

2026-05-28 01:48:31,707 | INFO     | 
============================================================
2026-05-28 01:48:31,707 | INFO     | ⚙️  [Pipeline 阶段]: 客观指标评测 - Exp-08_LongSeq
2026-05-28 01:48:31,708 | INFO     | 💻 [执行命令]: python evaluate_rouge.py --ckpt checkpoints_ablation\Exp-08_LongSeq --output_json results_Exp-08_LongSeq.json --max_samples 1000
2026-05-28 01:48:31,709 | INFO     | ============================================================

2026-05-28 01:51:36,360 | INFO     | ✅ Exp-08_LongSeq 顺利完结，指标已固化至 results_Exp-08_LongSeq.json
2026-05-28 01:51:36,361 | INFO     | 
🌟🌟🌟🌟🌟🌟🌟🌟🌟🌟🌟🌟🌟🌟🌟🌟🌟🌟🌟🌟🌟🌟🌟🌟🌟🌟🌟🌟🌟🌟🌟🌟🌟🌟🌟🌟🌟🌟🌟🌟
2026-05-28 01:51:36,361 | INFO     | 正在启动子任务 >>> Exp-09_Data40
2026-05-28 01:51:36,362 | INFO     | 🌟🌟🌟🌟🌟🌟🌟🌟🌟🌟🌟🌟🌟🌟🌟🌟🌟🌟🌟🌟🌟🌟🌟🌟🌟🌟🌟🌟🌟🌟🌟🌟🌟🌟🌟🌟🌟🌟🌟🌟
2026-05-28 01:51:36,362 | INFO     | 
============================================================
2026-05-28 01:51:36,362 | INFO     | ⚙️  [Pipeline 阶段]: 正式炼丹点火 - Exp-09_Data40
2026-05-28 01:51:36,363 | INFO     | 💻 [执行命令]: python train.py --exp_id Exp-09_Data40 --output_dir checkpoints_ablation --lr 0.0003 --batch_size 4 --grad_accum 2 --epochs 3 --max_train_samples 40 --max_source_len 512 --max_target_len 40 --no_rouge_eval
2026-05-28 01:51:36,363 | INFO     | ============================================================

2026-05-28 01:52:08,980 | INFO     | 
============================================================
2026-05-28 01:52:08,980 | INFO     | ⚙️  [Pipeline 阶段]: 客观指标评测 - Exp-09_Data40
2026-05-28 01:52:08,980 | INFO     | 💻 [执行命令]: python evaluate_rouge.py --ckpt checkpoints_ablation\Exp-09_Data40 --output_json results_Exp-09_Data40.json --max_samples 1000
2026-05-28 01:52:08,980 | INFO     | ============================================================

2026-05-28 01:53:59,744 | INFO     | ✅ Exp-09_Data40 顺利完结，指标已固化至 results_Exp-09_Data40.json
2026-05-28 01:53:59,744 | INFO     | 
🌟🌟🌟🌟🌟🌟🌟🌟🌟🌟🌟🌟🌟🌟🌟🌟🌟🌟🌟🌟🌟🌟🌟🌟🌟🌟🌟🌟🌟🌟🌟🌟🌟🌟🌟🌟🌟🌟🌟🌟
2026-05-28 01:53:59,744 | INFO     | 正在启动子任务 >>> Exp-10_Data120
2026-05-28 01:53:59,744 | INFO     | 🌟🌟🌟🌟🌟🌟🌟🌟🌟🌟🌟🌟🌟🌟🌟🌟🌟🌟🌟🌟🌟🌟🌟🌟🌟🌟🌟🌟🌟🌟🌟🌟🌟🌟🌟🌟🌟🌟🌟🌟
2026-05-28 01:53:59,744 | INFO     | 
============================================================
2026-05-28 01:53:59,744 | INFO     | ⚙️  [Pipeline 阶段]: 正式炼丹点火 - Exp-10_Data120
2026-05-28 01:53:59,745 | INFO     | 💻 [执行命令]: python train.py --exp_id Exp-10_Data120 --output_dir checkpoints_ablation --lr 0.0003 --batch_size 4 --grad_accum 2 --epochs 3 --max_train_samples 120 --max_source_len 512 --max_target_len 40 --no_rouge_eval
2026-05-28 01:53:59,745 | INFO     | ============================================================

2026-05-28 01:54:26,077 | INFO     | 
============================================================
2026-05-28 01:54:26,077 | INFO     | ⚙️  [Pipeline 阶段]: 客观指标评测 - Exp-10_Data120
2026-05-28 01:54:26,077 | INFO     | 💻 [执行命令]: python evaluate_rouge.py --ckpt checkpoints_ablation\Exp-10_Data120 --output_json results_Exp-10_Data120.json --max_samples 1000
2026-05-28 01:54:26,077 | INFO     | ============================================================

2026-05-28 01:56:12,485 | INFO     | ✅ Exp-10_Data120 顺利完结，指标已固化至 results_Exp-10_Data120.json
2026-05-28 01:56:12,485 | INFO     | 
🎉 满血版流水线执行完毕！共耗时: 44.29 分钟。
2026-05-28 01:56:12,485 | INFO     |    1. 运行 `tensorboard --logdir=runs` -> 在浏览器查看各路神仙打架的 Loss 曲线。
2026-05-28 01:56:12,485 | INFO     |    2. 运行 `python generate_comparison_plots.py` -> 自动扫描刚才生成的 json 文件，一键出精美柱状图。
